// Vitest Snapshot v1, https://vitest.dev/guide/snapshot.html

exports[`should fetch 1`] = `
"quia et suscipit
suscipit recusandae consequuntur expedita et cum
reprehenderit molestiae ut ut quas totam
nostrum rerum est autem sunt rem eveniet architecto"
`;
